class Main{
void main(){
F x;
Int v;
v=[x.f("hey" 1)];
Return;
}
}
class F{
Int val;
Int f(String x,Int z){
Return 0;
}
}
======= CData3 =======

class Main{
}

class F{
  Int val;
}

======= CMtd3 =======

Void main(Main this){
  F _t1;
  String _t2;
  Int _t3;
  Int _t4;
  F x;
  Int v;
  _t1 = x;
  _t2 = "hey";
  _t3 = 1;
  _t4 = %F_0(_t1, _t2, _t3);
  v = _t4;
  Return;
}

Int %F_0(F this,String x,Int z){
  Int _t1;
  _t1 = 0;
  Return _t1;
}

=====fx== End of IR3 Program =======
