EXCP: theres field declaration with types or method signature type that have no class definition:
  [Compute, () -> Compute]
