class Main{
void main(){
x="hi";
}
}
class Test{
Int i;
String y;
}
======= CData3 =======

class Main{
}

class Test{
  Int i;
  String y;
}

======= CMtd3 =======

Void main(Main this){
  String _t1;
  _t1 = "hi";
  x = _t1;
}

=====fx== End of IR3 Program =======
