EXCP: in method 'f' duplicate parameter definition  'i'
