EXCP: in method 'main' duplicate parameter definition  'i'
