EXCP: expression in if statement must be a 'Bool'
