EXCP: cannot find variable in context to readln to : 'x'
