instead expected token classes are [tok_and, tok_plus, tok_minus, tok_times, tok_divide]
EXCP: 
ERROR: Missing right paren
