class Main{
void main(){
Bool b;
b=[(!)[false],true](&&);
Return;
}
}
class F{
Int val;
Int f(String x,Int z){
Return 0;
}
}
======= CData3 =======

class Main{
}

class F{
  Int val;
}

======= CMtd3 =======

Void main(Main this){
  Bool _t1;
  Bool _t2;
  Bool _t3;
  Bool _t4;
  Bool b;
  _t2 = false;
  _t3 = !_t2;
  _t4 = true;
  _t1 = _t3 && _t4;
  b = _t1;
  Return;
}

Int %F_0(F this,String x,Int z){
  Int _t1;
  _t1 = 0;
  Return _t1;
}

=====fx== End of IR3 Program =======
