EXCP: in class 'Test' method 'f, Int, String -> Void' duplicate found
