EXCP: argument for println must be Int, Bool or String
