class Main{
void main(){
String s;
s="hey" + "there";
Return;
}
}
class F{
Int val;
Int f(String x,Int z){
Return 0;
}
}
======= CData3 =======

class Main{
}

class F{
  Int val;
}

======= CMtd3 =======

Void main(Main this){
  String s;
  _t1 = "hey";
  _t2 = "there";
  _t1 = _t1 + _t2;
  s = _t1;
  Return;
}

Int %F_0(F this,String x,Int z){
  _t1 = 0;
  Return _t1;
}

=====fx== End of IR3 Program =======
