EXCP: local variable declared in method with undefined type 'H'
