EXCP: in class 'Test' duplicate variable declaration  'i'
