EXCP: in a method duplicate variable declaration  'i'
